  MoxEditor.cpp
C:\Users\turtw\OneDrive\Desktop\MEngine\MoxEngine\src\Component.h(8,15): warning C4099: 'Collider': type name first seen using 'struct' now seen using 'class'
C:\Users\turtw\OneDrive\Desktop\MEngine\MoxEngine\src\Collider.h(27,8): message : see declaration of 'Collider'
C:\Users\turtw\OneDrive\Desktop\MEngine\MoxEditor\src\PlayerMovement.h(31,43): warning C4244: '=': conversion from 'int' to 'T', possible loss of data
          with
          [
              T=float
          ]
C:\Users\turtw\OneDrive\Desktop\MEngine\MoxEditor\src\PlayerMovement.h(32,42): warning C4244: '=': conversion from 'int' to 'T', possible loss of data
          with
          [
              T=float
          ]
C:\Users\turtw\OneDrive\Desktop\MEngine\MoxEditor\src\PlayerMovement.h(197,55): warning C4390: ';': empty controlled statement found; is this the intent?
C:\Users\turtw\OneDrive\Desktop\MEngine\MoxEditor\src\PlayerMovement.h(200,56): warning C4390: ';': empty controlled statement found; is this the intent?
C:\Users\turtw\OneDrive\Desktop\MEngine\MoxEditor\src\PlayerMovement.h(203,51): warning C4390: ';': empty controlled statement found; is this the intent?
C:\Users\turtw\OneDrive\Desktop\MEngine\MoxEditor\src\PlayerMovement.h(206,54): warning C4390: ';': empty controlled statement found; is this the intent?
C:\Users\turtw\OneDrive\Desktop\MEngine\MoxEditor\src\PlayerMovement.h(209,53): warning C4390: ';': empty controlled statement found; is this the intent?
C:\Users\turtw\OneDrive\Desktop\MEngine\MoxEditor\src\PlayerMovement.h(212,53): warning C4390: ';': empty controlled statement found; is this the intent?
C:\Users\turtw\OneDrive\Desktop\MEngine\MoxEditor\src\PlayerMovement.h(215,52): warning C4390: ';': empty controlled statement found; is this the intent?
C:\Users\turtw\OneDrive\Desktop\MEngine\MoxEngine\src\CircleRenderer.h(18,16): warning C4244: 'initializing': conversion from 'ReturnType' to 'float', possible loss of data
          with
          [
              ReturnType=int
          ]
C:\Users\turtw\OneDrive\Desktop\MEngine\MoxEngine\src\CircleRenderer.h(60,68): warning C4244: 'argument': conversion from 'float' to 'uint8_t', possible loss of data
C:\Users\turtw\OneDrive\Desktop\MEngine\MoxEngine\src\CircleRenderer.h(60,54): warning C4244: 'argument': conversion from 'float' to 'uint8_t', possible loss of data
C:\Users\turtw\OneDrive\Desktop\MEngine\MoxEngine\src\CircleRenderer.h(60,40): warning C4244: 'argument': conversion from 'float' to 'uint8_t', possible loss of data
C:\Users\turtw\OneDrive\Desktop\MEngine\MoxEngine\src\CircleRenderer.h(60,26): warning C4244: 'argument': conversion from 'float' to 'uint8_t', possible loss of data
C:\Users\turtw\OneDrive\Desktop\MEngine\MoxEngine\src\CircleRenderer.h(81,32): warning C4838: conversion from 'uint8_t' to 'float' requires a narrowing conversion
C:\Users\turtw\OneDrive\Desktop\MEngine\MoxEngine\src\CircleRenderer.h(81,42): warning C4838: conversion from 'uint8_t' to 'float' requires a narrowing conversion
C:\Users\turtw\OneDrive\Desktop\MEngine\MoxEngine\src\CircleRenderer.h(81,52): warning C4838: conversion from 'uint8_t' to 'float' requires a narrowing conversion
C:\Users\turtw\OneDrive\Desktop\MEngine\MoxEngine\src\CircleRenderer.h(81,62): warning C4838: conversion from 'uint8_t' to 'float' requires a narrowing conversion
C:\Users\turtw\OneDrive\Desktop\MEngine\MoxEngine\src\CircleRenderer.h(84,68): warning C4244: 'argument': conversion from 'float' to 'uint8_t', possible loss of data
C:\Users\turtw\OneDrive\Desktop\MEngine\MoxEngine\src\CircleRenderer.h(84,54): warning C4244: 'argument': conversion from 'float' to 'uint8_t', possible loss of data
C:\Users\turtw\OneDrive\Desktop\MEngine\MoxEngine\src\CircleRenderer.h(84,40): warning C4244: 'argument': conversion from 'float' to 'uint8_t', possible loss of data
C:\Users\turtw\OneDrive\Desktop\MEngine\MoxEngine\src\CircleRenderer.h(84,26): warning C4244: 'argument': conversion from 'float' to 'uint8_t', possible loss of data
C:\Users\turtw\OneDrive\Desktop\MEngine\MoxEngine\src\CircleRenderer.h(94,19): warning C4267: 'initializing': conversion from 'size_t' to 'int', possible loss of data
C:\Users\turtw\OneDrive\Desktop\MEngine\MoxEngine\src\RectRenderer.h(14,15): warning C4244: 'initializing': conversion from 'ReturnType' to 'float', possible loss of data
          with
          [
              ReturnType=int
          ]
C:\Users\turtw\OneDrive\Desktop\MEngine\MoxEngine\src\RectRenderer.h(15,16): warning C4244: 'initializing': conversion from 'ReturnType' to 'float', possible loss of data
          with
          [
              ReturnType=int
          ]
C:\Users\turtw\OneDrive\Desktop\MEngine\MoxEngine\src\RectRenderer.h(46,68): warning C4244: 'argument': conversion from 'float' to 'uint8_t', possible loss of data
C:\Users\turtw\OneDrive\Desktop\MEngine\MoxEngine\src\RectRenderer.h(46,54): warning C4244: 'argument': conversion from 'float' to 'uint8_t', possible loss of data
C:\Users\turtw\OneDrive\Desktop\MEngine\MoxEngine\src\RectRenderer.h(46,40): warning C4244: 'argument': conversion from 'float' to 'uint8_t', possible loss of data
C:\Users\turtw\OneDrive\Desktop\MEngine\MoxEngine\src\RectRenderer.h(46,26): warning C4244: 'argument': conversion from 'float' to 'uint8_t', possible loss of data
C:\Users\turtw\OneDrive\Desktop\MEngine\MoxEngine\src\RectRenderer.h(65,32): warning C4838: conversion from 'uint8_t' to 'float' requires a narrowing conversion
C:\Users\turtw\OneDrive\Desktop\MEngine\MoxEngine\src\RectRenderer.h(65,42): warning C4838: conversion from 'uint8_t' to 'float' requires a narrowing conversion
C:\Users\turtw\OneDrive\Desktop\MEngine\MoxEngine\src\RectRenderer.h(65,52): warning C4838: conversion from 'uint8_t' to 'float' requires a narrowing conversion
C:\Users\turtw\OneDrive\Desktop\MEngine\MoxEngine\src\RectRenderer.h(65,62): warning C4838: conversion from 'uint8_t' to 'float' requires a narrowing conversion
C:\Users\turtw\OneDrive\Desktop\MEngine\MoxEngine\src\RectRenderer.h(68,68): warning C4244: 'argument': conversion from 'float' to 'uint8_t', possible loss of data
C:\Users\turtw\OneDrive\Desktop\MEngine\MoxEngine\src\RectRenderer.h(68,54): warning C4244: 'argument': conversion from 'float' to 'uint8_t', possible loss of data
C:\Users\turtw\OneDrive\Desktop\MEngine\MoxEngine\src\RectRenderer.h(68,40): warning C4244: 'argument': conversion from 'float' to 'uint8_t', possible loss of data
C:\Users\turtw\OneDrive\Desktop\MEngine\MoxEngine\src\RectRenderer.h(68,26): warning C4244: 'argument': conversion from 'float' to 'uint8_t', possible loss of data
C:\Users\turtw\OneDrive\Desktop\MEngine\MoxEngine\src\SpriteRenderer.h(61,57): warning C4244: 'argument': conversion from 'T' to 'T', possible loss of data
          with
          [
              T=int
          ]
          and
          [
              T=float
          ]
C:\Users\turtw\OneDrive\Desktop\MEngine\MoxEngine\src\SpriteRenderer.h(61,44): warning C4244: 'argument': conversion from 'T' to 'T', possible loss of data
          with
          [
              T=int
          ]
          and
          [
              T=float
          ]
C:\Users\turtw\OneDrive\Desktop\MEngine\MoxEngine\src\CircleCollider.h(14,28): warning C4244: '=': conversion from 'ReturnType' to 'float', possible loss of data
          with
          [
              ReturnType=int
          ]
C:\Users\turtw\OneDrive\Desktop\MEngine\MoxEditor\MoxEditor.cpp(99,22): warning C4834: discarding return value of function with 'nodiscard' attribute
C:\Program Files\Microsoft Visual Studio\2022\Community\VC\Tools\MSVC\14.37.32822\include\memory(3477,56): warning C4244: 'argument': conversion from '_Ty' to 'float', possible loss of data
          with
          [
              _Ty=int
          ]
C:\Users\turtw\OneDrive\Desktop\MEngine\MoxEditor\src\PlayerMovement.h(46,15): message : see reference to function template instantiation 'std::unique_ptr<PlayerMovement,std::default_delete<PlayerMovement>> std::make_unique<PlayerMovement,uint64_t&,bool&,ReturnType,ReturnType,ReturnType,ReturnType,ReturnType,ReturnType,0>(uint64_t &,bool &,ReturnType &&,ReturnType &&,ReturnType &&,ReturnType &&,ReturnType &&,ReturnType &&)' being compiled
          with
          [
              ReturnType=int
          ]
  Generating code
  1 of 15542 functions (<0.1%) were compiled, the rest were copied from previous compilation.
    0 functions were new in current compilation
    62 functions had inline decision re-evaluated but remain unchanged
  Finished generating code
  MoxEditor.vcxproj -> C:\Users\turtw\OneDrive\Desktop\MEngine\build\x64\Release\MoxEditor.exe
