c:\users\turtw\onedrive\desktop\mengine\moxeditor\x64\release\vc143.pdb
c:\users\turtw\onedrive\desktop\mengine\moxeditor\x64\release\imgui_widgets.obj
c:\users\turtw\onedrive\desktop\mengine\moxeditor\x64\release\imgui_tables.obj
c:\users\turtw\onedrive\desktop\mengine\moxeditor\x64\release\imgui_draw.obj
c:\users\turtw\onedrive\desktop\mengine\moxeditor\x64\release\imgui_demo.obj
c:\users\turtw\onedrive\desktop\mengine\moxeditor\x64\release\imgui.obj
c:\users\turtw\onedrive\desktop\mengine\moxeditor\x64\release\imgui-sfml.obj
c:\users\turtw\onedrive\desktop\mengine\moxeditor\x64\release\moxeditor.obj
c:\users\turtw\onedrive\desktop\mengine\moxeditor\x64\release\gui_action.obj
c:\users\turtw\onedrive\desktop\mengine\moxeditor\x64\release\creategameobject.obj
c:\users\turtw\onedrive\desktop\mengine\moxeditor\x64\release\sceneheirarchy.obj
c:\users\turtw\onedrive\desktop\mengine\moxeditor\x64\release\gui_inspector.obj
c:\users\turtw\onedrive\desktop\mengine\moxeditor\x64\release\gui_manager.obj
c:\users\turtw\onedrive\desktop\mengine\moxeditor\x64\release\imguifiledialog.obj
c:\users\turtw\onedrive\desktop\mengine\moxeditor\x64\release\utils.obj
c:\users\turtw\onedrive\desktop\mengine\moxeditor\x64\release\tileset.obj
c:\users\turtw\onedrive\desktop\mengine\moxeditor\x64\release\tile.obj
c:\users\turtw\onedrive\desktop\mengine\moxeditor\x64\release\tagscontainer.obj
c:\users\turtw\onedrive\desktop\mengine\moxeditor\x64\release\level.obj
c:\users\turtw\onedrive\desktop\mengine\moxeditor\x64\release\layerdef.obj
c:\users\turtw\onedrive\desktop\mengine\moxeditor\x64\release\layer.obj
c:\users\turtw\onedrive\desktop\mengine\moxeditor\x64\release\fieldscontainer.obj
c:\users\turtw\onedrive\desktop\mengine\moxeditor\x64\release\enum.obj
c:\users\turtw\onedrive\desktop\mengine\moxeditor\x64\release\entitydef.obj
c:\users\turtw\onedrive\desktop\mengine\moxeditor\x64\release\entity.obj
c:\users\turtw\onedrive\desktop\mengine\moxeditor\x64\release\datatypes.obj
c:\users\turtw\onedrive\desktop\mengine\moxeditor\x64\release\world.obj
c:\users\turtw\onedrive\desktop\mengine\moxeditor\x64\release\project.obj
c:\users\turtw\onedrive\desktop\mengine\moxeditor\x64\release\tilemaprenderer.obj
c:\users\turtw\onedrive\desktop\mengine\build\x64\release\moxeditor.exe
c:\users\turtw\onedrive\desktop\mengine\moxeditor\x64\release\moxeditor.ipdb
c:\users\turtw\onedrive\desktop\mengine\build\x64\release\moxeditor.pdb
c:\users\turtw\onedrive\desktop\mengine\moxeditor\x64\release\moxeditor.iobj
c:\users\turtw\onedrive\desktop\mengine\moxeditor\x64\release\imguifdnative.obj
c:\users\turtw\onedrive\desktop\mengine\moxeditor\x64\release\moxeditor.tlog\cl.command.1.tlog
c:\users\turtw\onedrive\desktop\mengine\moxeditor\x64\release\moxeditor.tlog\cl.items.tlog
c:\users\turtw\onedrive\desktop\mengine\moxeditor\x64\release\moxeditor.tlog\cl.read.1.tlog
c:\users\turtw\onedrive\desktop\mengine\moxeditor\x64\release\moxeditor.tlog\cl.write.1.tlog
c:\users\turtw\onedrive\desktop\mengine\moxeditor\x64\release\moxeditor.tlog\link.command.1.tlog
c:\users\turtw\onedrive\desktop\mengine\moxeditor\x64\release\moxeditor.tlog\link.read.1.tlog
c:\users\turtw\onedrive\desktop\mengine\moxeditor\x64\release\moxeditor.tlog\link.write.1.tlog
